// Vitest Snapshot v1, https://vitest.dev/guide/snapshot.html

exports[`LoginFooter > should match snapshot 1`] = `
<div
  class="text-center mt-3"
>
  <small
    class="text-muted"
  >
    Don't have an account?
     
    <a
      class="text-decoration-none"
      data-discover="true"
      href="/register"
    >
      Register
    </a>
  </small>
</div>
`;
